// Jest Snapshot v1, https://goo.gl/fbAQLP

exports[`renders without crashing 1`] = `
<div>
  <div
    class="App"
  >
    <header
      class="App-header"
    >
      <h1
        class="App-title"
      >
        CoverWallet Code Test
      </h1>
    </header>
  </div>
</div>
`;
